P16 assembler v1.5 (Feb  9 2024)	c:\Users\tboyv\Documents\ISEL\1ano25-26\2semestre\ac\projeto\projetov3.lst	Sun May 24 19:07:49 2026

Sections
Index   Name            Address   Size
0       .text           0000      0074 116
1       .data           0074      0004 4
2       .stack          0078      0040 64

Symbols
Name                    Type      Value       Section
check_press             LABEL     003A 58     .text
game_end                LABEL     001C 28     .text
game_loop               LABEL     001C 28     .text
in_prev_addr            LABEL     004C 76     .text
in_prev_state           LABEL     0074 116    .data
INIT_VAL                ABSOLUTE  000F 15     .text
INPORT_ADDRESS          ABSOLUTE  FF82 65410  .text
inport_read             LABEL     0056 86     .text
main                    LABEL     0008 8      .text
main_check              LABEL     0016 22     .text
out_hole_leds           LABEL     001E 30     .text
out_hole_leds_loop      LABEL     0026 38     .text
OUTPORT_ADDRESS         ABSOLUTE  FFC2 65474  .text
outport_write           LABEL     004E 78     .text
program                 LABEL     0002 2      .text
pTC_ADDRESS             ABSOLUTE  FF00 65280  .text
sleep                   LABEL     005E 94     .text
sleep_end               LABEL     0070 112    .text
sleep_inner_loop        LABEL     0068 104    .text
sleep_outer_loop        LABEL     0064 100    .text
STACK_SIZE              ABSOLUTE  0040 64     .text
stack_top               LABEL     00B8 184    .stack
stack_top_addr          LABEL     0006 6      .text
sw_counter              LABEL     0076 118    .data

Code listing
   1          	    .equ    STACK_SIZE, 64
   2          	    .equ    INPORT_ADDRESS, 0xFF82
   3          	    .equ    OUTPORT_ADDRESS, 0xFFC2
   4          	    .equ    pTC_ADDRESS, 0xFF00
   5          	    .equ    INIT_VAL, 0xF
   6           	
   7           	    .text
   8 0000 00 58		b	program
   9           	
  10           	program:
  11 0002 1D 0C		ldr	sp, stack_top_addr
  12 0004 01 58	    b   main
  13           	
  14           	stack_top_addr:
  15 0006 B8 00		.word	stack_top
  16           	
  17           	main:; R4 = led_r R5 = led_g lets see if this works
  18 0008 26 5C	    bl inport_read
  19 000A 80 EA	    lsr R0, R0, #5
  20 000C 86 60	    mov R6, #8
  21 000E 66 88	    sub R6, R6, R0
  22 0010 F4 60	    mov R4, #INIT_VAL
  23 0012 F5 60	    mov R5, #INIT_VAL
  24 0014 04 5C	    bl  out_hole_leds
  25           	main_check:
  26 0016 11 5C	    bl check_press
  27 0018 10 B8	    cmp R1, R0
  28 001A FD 4B	    bhs main_check ; check if first bit pressed
  29           	game_loop:
  30           	    ;all game logic here
  31           	game_end:
  32 001C F5 5B	    b   main
  33           	out_hole_leds:;
  34 001E 0E 24	    push lr
  35 0020 01 B2	    mov R1, R4
  36 0022 82 B2	    mov R2, R5
  37 0024 43 60	    mov R3, #4 ; for i in range 4
  38           	out_hole_leds_loop:
  39 0026 91 E8	    lsr R1, R1, #1 ; led red » 1 lost bit = C
  40 0028 00 D8	    rrx R0, R0 ; led_grid » 1 highest bit = curr C
  41 002A A2 E8	    lsr R2, R2, #1 ; led green » 1 lost bit = C
  42 002C 00 D8	    rrx R0, R0 ; led_grid » 1 highest bit = curr C
  43 002E B3 A8	    sub R3, R3, #1 ; i--
  44 0030 FA 47	    bne out_hole_leds_loop ;if i != 0 PC -» loop
  45 0032 00 EC	    lsr R0, R0, #8 ;R0 16 bit, outport uses lowest byte
  46 0034 0C 5C	    bl outport_write
  47 0036 0E 04	    pop lr
  48 0038 0F B7	    mov pc,lr
  49           	
  50           	check_press:; R0 = inport (curr) R1 prev_state
  51 003A 0E 24	    push lr
  52 003C 0C 5C	    bl inport_read
  53 003E 12 60	    mov R2, #1
  54 0040 00 C1	    and R0, R0, R2 ; bit0 de inport
  55 0042 81 0D	    ldr R1, in_prev_state ;R1 = in_prev_state (starts at 1 cuz inport read starts as 1 )
  56 0044 32 0C	    ldr R2, in_prev_addr
  57 0046 20 20	    str R0, [R2, #0]
  58 0048 0E 04	    pop lr
  59 004A 0F B7	    mov pc,lr
  60           	
  61           	in_prev_addr:
  62 004C 74 00	    .word in_prev_state
  63           	
  64           	outport_write:
  65 004E 21 6C		mov	R1, #OUTPORT_ADDRESS & 0xFF
  66 0050 F1 7F		movt R1, #(OUTPORT_ADDRESS >> 8) & 0xFF
  67 0052 10 28		strb R0, [R1, #0]
  68 0054 0F B7		mov	pc, lr
  69           	
  70           	inport_read: ; 0-3 buttons 5-7 level switches
  71 0056 21 68	    mov R1, #INPORT_ADDRESS & 0xFF
  72 0058 F1 7F	    movt R1, #(INPORT_ADDRESS >> 8) & 0xFF
  73 005A 10 08	    ldrb R0, [R1, #0]
  74 005C 0F B7	    mov pc, lr
  75           	
  76           	sleep: ;R0 = 10 * n seconds
  77 005E 01 24	    push R1
  78 0060 00 C0	    and R0, R0, R0
  79 0062 06 40	    beq sleep_end
  80           	sleep_outer_loop:
  81 0064 E1 63	    mov R1, #0x3E
  82 0066 31 70	    movt R1, #0x03
  83           	sleep_inner_loop:
  84 0068 91 A8	    sub R1, R1, #1
  85 006A FE 47	    bne sleep_inner_loop
  86 006C 80 A8	    sub R0, R0, #1
  87 006E FA 47	    bne sleep_outer_loop
  88           	sleep_end:
  89 0070 01 04	    pop R1
  90 0072 0F B7	    mov pc, lr
  91           	
  92           	    .data
  93           	in_prev_state:
  94 0074 01 00	    .word 0x01
  95           	sw_counter:; pTC t max = 5ms => if swC = 200, time = 1 sec
  96 0076 00 00	    .word 0x00 ; changed ONLY in ISR called whenever pTC reaches 250 (5ms)
  97           	
  98           	    .stack
  99 0078 00   		.space	STACK_SIZE
  99 .... ..
  99 00B7 00
 100           	stack_top:
 100           	
