P16 assembler v1.5 (Feb  9 2024)	c:\Users\tboyv\Documents\ISEL\1ano25-26\2semestre\ac\projeto\projetov2.lst	Sun May 24 16:57:16 2026

Sections
Index   Name            Address   Size
0       .text           0000      0092 146
1       .data           0092      0012 18
2       .stack          00A4      0040 64

Symbols
Name                    Type      Value       Section
ALL_ON                  ABSOLUTE  000F 15     .text
check_press             LABEL     0036 54     .text
in_prev_addr            LABEL     0048 72     .text
in_prev_state           LABEL     0092 146    .data
INPORT_ADDRESS          ABSOLUTE  FF82 65410  .text
inport_read             LABEL     0074 116    .text
led_g_sel               LABEL     009C 156    .data
led_r_sel               LABEL     0094 148    .data
main                    LABEL     0006 6      .text
main_loop               LABEL     000C 12     .text
out_leds                LABEL     004A 74     .text
out_leds_loop           LABEL     004E 78     .text
OUTPORT_ADDRESS         ABSOLUTE  FFC2 65474  .text
outport_write           LABEL     006C 108    .text
program                 LABEL     0002 2      .text
sleep                   LABEL     007C 124    .text
sleep_end               LABEL     008E 142    .text
sleep_inner_loop        LABEL     0086 134    .text
sleep_outer_loop        LABEL     0082 130    .text
STACK_SIZE              ABSOLUTE  0040 64     .text
stack_top               LABEL     00E4 228    .stack
stack_top_addr          LABEL     006A 106    .text
VALUE_G                 ABSOLUTE  000E 14     .text
VALUE_R                 ABSOLUTE  000E 14     .text

Code listing
   1          	    .equ    STACK_SIZE, 64
   2          	    .equ    INPORT_ADDRESS, 0xFF82
   3          	    .equ    OUTPORT_ADDRESS, 0xFFC2
   4          	    .equ    ALL_ON, 0xF
   5          	    .equ    VALUE_R, 0xE
   6          	    .equ    VALUE_G, 0xE
   7           	
   8           	    .text
   9 0000 00 58		b	program
  10           	
  11           	program:
  12 0002 3D 0F		ldr	sp, stack_top_addr
  13 0004 00 58	    b   main
  14           	
  15           	main:;R0 = outport, R1 = led_R, R2 = led_G
  16 0006 17 5C	    bl check_press
  17 0008 80 B8	    cmp R0, R1
  18 000A FD 4B	    bhs main
  19           	main_loop:
  20 000C 01 60	    mov R1, #0
  21 000E 02 60	    mov R2, #0
  22 0010 1C 5C	    bl out_leds
  23 0012 A0 60	    mov R0, #10
  24 0014 33 5C	    bl sleep
  25 0016 F1 60	    mov R1, #ALL_ON
  26 0018 F2 60	    mov R2, #ALL_ON
  27 001A 17 5C	    bl out_leds
  28 001C A0 60	    mov R0, #10
  29 001E 2E 5C	    bl sleep
  30 0020 01 60	    mov R1, #0
  31 0022 F2 60	    mov R2, #ALL_ON
  32 0024 12 5C	    bl out_leds
  33 0026 A0 60	    mov R0, #10
  34 0028 29 5C	    bl sleep
  35 002A F1 60	    mov R1, #ALL_ON
  36 002C 02 60	    mov R2, #0
  37 002E 0D 5C	    bl out_leds
  38 0030 A0 60	    mov R0, #10
  39 0032 24 5C	    bl sleep
  40 0034 EB 5B	    b main_loop
  41           	
  42           	check_press:; R0 = inport (curr) R1 prev_state
  43 0036 0E 24	    push lr
  44 0038 1D 5C	    bl inport_read
  45 003A 12 60	    mov R2, #1
  46 003C 00 C1	    and R0, R0, R2 ; bit0 de inport
  47 003E 91 0E	    ldr R1, in_prev_state ;R1 = in_prev_state (starts at 1 cuz inport read starts as 1 )
  48 0040 32 0C	    ldr R2, in_prev_addr
  49 0042 20 20	    str R0, [R2, #0]
  50 0044 0E 04	    pop lr
  51 0046 0F B7	    mov pc,lr
  52           	
  53           	in_prev_addr:
  54 0048 92 00	    .word in_prev_state
  55           	
  56           	out_leds:; R0 = outport, R1 = led_R, R2 = led_G
  57 004A 0E 24	    push lr
  58 004C 43 60	    mov R3, #4 ; led total
  59           	out_leds_loop:
  60 004E E4 60	    mov R4, #VALUE_R
  61 0050 11 CA	    orr R1, R1, R4
  62 0052 E4 60	    mov R4, #VALUE_G
  63 0054 22 CA	    orr R2, R2, R4
  64 0056 91 E8	    lsr R1, R1, #1 ; led red » 1 lost bit = C
  65 0058 00 D8	    rrx R0, R0 ; led_grid » 1 highest bit = curr C
  66 005A A2 E8	    lsr R2, R2, #1 ; led green » 1 lost bit = C
  67 005C 00 D8	    rrx R0, R0 ; led_grid » 1 highest bit = curr C
  68 005E B3 A8	    sub R3, R3, #1 ; i--
  69 0060 F6 47	    bne out_leds_loop ;if i != 0 PC -» loop
  70 0062 00 EC	    lsr R0, R0, #8 ;R0 16 bit, outport uses lowest byte
  71 0064 03 5C	    bl outport_write
  72 0066 0E 04	    pop lr
  73 0068 0F B7	    mov pc,lr
  74           	
  75           	stack_top_addr:
  76 006A E4 00		.word	stack_top
  77           	
  78           	outport_write:
  79 006C 21 6C		mov	R1, #OUTPORT_ADDRESS & 0xFF
  80 006E F1 7F		movt R1, #(OUTPORT_ADDRESS >> 8) & 0xFF
  81 0070 10 28		strb R0, [R1, #0]
  82 0072 0F B7		mov	pc, lr
  83           	
  84           	
  85           	inport_read: ; 0-3 buttons 5-7 level switches
  86 0074 21 68	    mov R1, #INPORT_ADDRESS & 0xFF
  87 0076 F1 7F	    movt R1, #(INPORT_ADDRESS >> 8) & 0xFF
  88 0078 10 08	    ldrb R0, [R1, #0]
  89 007A 0F B7	    mov pc, lr
  90           	
  91           	sleep: ;R0 = n segundos
  92 007C 01 24	    push R1
  93 007E 00 C0	    and R0, R0, R0
  94 0080 06 40	    beq sleep_end
  95           	sleep_outer_loop:
  96 0082 E1 63	    mov R1, #0x3E ;to change
  97 0084 31 70	    movt R1, #0x03; to change
  98           	sleep_inner_loop:
  99 0086 91 A8	    sub R1, R1, #1
 100 0088 FE 47	    bne sleep_inner_loop
 101 008A 80 A8	    sub R0, R0, #1
 102 008C FA 47	    bne sleep_outer_loop
 103           	sleep_end:
 104 008E 01 04	    pop R1
 105 0090 0F B7	    mov pc, lr
 106           	
 107           	    .data
 108           	
 109           	in_prev_state:
 110 0092 01 00	    .word 0x01
 111           	
 112           	led_r_sel:
 113          	    .word 0,1,0,1;TENHO REGISTOS PARA TUDO!!! WIP N ESQUECE
 113 0094 00 00 01 00 00 00 01 00
 114           	led_g_sel:
 115          	    .word 0,0,1,1
 115 009C 00 00 00 00 01 00 01 00
 116           	
 117           	    .stack
 118 00A4 00   		.space	STACK_SIZE
 118 .... ..
 118 00E3 00
 119           	stack_top:
 119           	
