P16 assembler v1.5 (Feb  9 2024)	c:\Users\tboyv\Documents\ISEL\1ano25-26\2semestre\ac\projeto\timer.lst	Mon May 25 20:56:55 2026

Sections
Index   Name            Address   Size
0       .text           0000      003E 62
1       .data           003E      0002 2
2       .stack          0040      0040 64

Symbols
Name                    Type      Value       Section
isr                     LABEL     001A 26     .text
isr_end                 LABEL     0032 50     .text
main                    LABEL     0008 8      .text
main_start              LABEL     0018 24     .text
program                 LABEL     0004 4      .text
pTC_ADDRESS             ABSOLUTE  00FF 255    .text
pTC_COUNT               ABSOLUTE  00FA 250    .text
STACK_SIZE              ABSOLUTE  0040 64     .text
stack_top               LABEL     0080 128    .stack
stack_top_addr          LABEL     003C 60     .text
sw_addr                 LABEL     003A 58     .text
sw_counter              LABEL     003E 62     .data
TC                      ABSOLUTE  0002 2      .text
TCR                     ABSOLUTE  0000 0      .text
TIR                     ABSOLUTE  0003 3      .text
TMR                     ABSOLUTE  0001 1      .text

Code listing
   1          	    .equ    STACK_SIZE, 64
   2          	    .equ    pTC_ADDRESS, 0xFF
   3          	    .equ    TCR, 0x00
   4          	    .equ    TMR, 0x01
   5          	    .equ    TC, 0x02
   6          	    .equ    TIR, 0x03
   7          	    .equ    pTC_COUNT, 0xFA
   8           	
   9           	    .text
  10 0000 01 58	    b   program
  11 0002 0B 58	    b   isr
  12           	
  13           	program:
  14 0004 BD 0D	    ldr sp, stack_top_addr
  15 0006 00 58	    b main
  16           	
  17           	main:; R4 = led_r R5 = led_g R6 = n/2 seconds counte
  18 0008 60 B0	    mrs R0, CPSR ; move cpsr to r0
  19 000A 01 61	    mov R1, #0x10
  20 000C 80 C8	    orr R0, R0, R1 ; enable interrupt bit 4
  21 000E 40 B0	    msr CPSR, R0 ; save CPSR
  22 0010 10 60	    mov R0, #TMR
  23 0012 F0 7F	    movt R0, #pTC_ADDRESS
  24 0014 A1 6F	    mov R1, #pTC_COUNT
  25 0016 01 20	    str R1 , [R0, #0];stores match value in TMR
  26           	main_start:
  27 0018 FF 5B	    b main_start
  28           	
  29           	isr:
  30 001A 30 60	    mov R0, #TIR
  31 001C F0 7F	    movt R0, #pTC_ADDRESS
  32 001E 01 60	    mov R1, #0
  33 0020 01 20	    str R1 ,[R0, #0]
  34 0022 D0 0C	    ldr R0, sw_counter
  35 0024 41 66	    mov R1, #0x64 ; 100 * 5ms = 0.5s
  36 0026 80 B8	    cmp R0, R1 ; if 0.5sec
  37 0028 04 40	    beq isr_end
  38 002A 80 A0	    add R0, R0, #1
  39 002C 61 0C	    ldr R1, sw_addr
  40 002E 10 20	    str R0, [R1, #0]
  41 0030 20 B0	    movs pc, lr
  42           	isr_end:
  43 0032 E6 A0	    add R6, R6, #1 ; .5 secs have passed
  44 0034 00 60	    mov R0, #0 
  45 0036 10 20	    str R0, [R1, #0] ; sw_counter back to zero
  46 0038 20 B0	    movs pc, lr
  47           	
  48           	sw_addr:
  49 003A 3E 00	    .word sw_counter
  50           	
  51           	stack_top_addr:
  52 003C 80 00		.word	stack_top
  53           	
  54           	    .data
  55           	sw_counter:; pTC t max = 5ms => if swC = 200, time = 1 sec
  56 003E 00 00	    .word 0x00 ; changed ONLY in ISR called whenever pTC reaches 250 (5ms)
  57           	
  58           	    .stack
  59 0040 00   	    .space  STACK_SIZE
  59 .... ..
  59 007F 00
  60           	stack_top:
  60           	
