P16 assembler v1.5 (Feb  9 2024)	c:\Users\tboyv\Documents\ISEL\1ano25-26\2semestre\ac\projeto\timer.lst	Mon May 25 21:19:26 2026

Sections
Index   Name            Address   Size
0       .text           0000      0054 84
1       .data           0054      0002 2
2       .stack          0056      0040 64

Symbols
Name                    Type      Value       Section
isr                     LABEL     0030 48     .text
isr_end                 LABEL     0048 72     .text
line#39                 LABEL     002E 46     .text
main                    LABEL     0008 8      .text
main_end                LABEL     002E 46     .text
main_start              LABEL     0026 38     .text
program                 LABEL     0004 4      .text
pTC_ADDRESS             ABSOLUTE  00FF 255    .text
pTC_MAX_VAL             ABSOLUTE  00FA 250    .text
STACK_SIZE              ABSOLUTE  0040 64     .text
stack_top               LABEL     0096 150    .stack
stack_top_addr          LABEL     0052 82     .text
sw_addr                 LABEL     0050 80     .text
sw_counter              LABEL     0054 84     .data
TC                      ABSOLUTE  0002 2      .text
TCR                     ABSOLUTE  0000 0      .text
TIR                     ABSOLUTE  0003 3      .text
TMR                     ABSOLUTE  0001 1      .text

Code listing
   1          	    .equ    STACK_SIZE, 64
   2          	    .equ    pTC_ADDRESS, 0xFF
   3          	    .equ    TCR, 0x00
   4          	    .equ    TMR, 0x01
   5          	    .equ    TC, 0x02
   6          	    .equ    TIR, 0x03
   7          	    .equ    pTC_MAX_VAL, 0xFA ; 5ms of iterations 
   8           	
   9           	    .text
  10 0000 01 58	    b   program
  11 0002 16 58	    b   isr
  12           	
  13           	program:
  14 0004 6D 0E	    ldr sp, stack_top_addr
  15 0006 00 58	    b main
  16           	
  17           	main:; R4 = led_r R5 = led_g R6 = n/2 seconds counter
  18 0008 60 B0	    mrs R0, CPSR ; move cpsr to r0
  19 000A 01 61	    mov R1, #0x10
  20 000C 80 C8	    orr R0, R0, R1 ; enable interrupt bit 4
  21 000E 40 B0	    msr CPSR, R0 ; save CPSR
  22 0010 10 60	    mov R0, #TMR ; select TMR
  23 0012 F0 7F	    movt R0, #pTC_ADDRESS
  24 0014 A1 6F	    mov R1, #pTC_MAX_VAL
  25 0016 01 20	    str R1 , [R0, #0];stores match value in TMR
  26 0018 26 60	    mov R6, #2 ; 1 second
  27 001A 00 60	    mov R0, #TCR; ; select TCR
  28 001C F0 7F	    movt R0, #pTC_ADDRESS
  29 001E 11 60	    mov R1, #1
  30 0020 01 20	    str R1, [R0, #0] ; TCR on => MR on => counting reseted and paused
  31 0022 91 88	    sub R1, R1, R1
  32 0024 01 20	    str R1, [R0, #0] ; TCR off => MR off => counting reseted and restarted
  33           	main_start:
  34 0026 00 60	    mov R0, #0
  35 0028 00 BB	    cmp R0, R6
  36 002A 01 40	    beq main_end
  37 002C FC 5B	    b main_start
  38           	main_end:
  39 002E FF 5B	    b   .
  40           	
  41           	isr:
  42 0030 30 60	    mov R0, #TIR ; select TIR
  43 0032 F0 7F	    movt R0, #pTC_ADDRESS
  44 0034 01 60	    mov R1, #0
  45 0036 01 20	    str R1 ,[R0, #0] ; every store gets write enable on wich resets TIR and stops interrupt request
  46 0038 D0 0C	    ldr R0, sw_counter
  47 003A 41 66	    mov R1, #0x64 ; 100 * 5ms = 0.5s
  48 003C 80 B8	    cmp R0, R1 ; if 0.5s
  49 003E 04 40	    beq isr_end
  50 0040 80 A0	    add R0, R0, #1 ; if R0 != 100 R0++
  51 0042 61 0C	    ldr R1, sw_addr
  52 0044 10 20	    str R0, [R1, #0]; store sw_counter
  53 0046 20 B0	    movs pc, lr
  54           	isr_end:
  55 0048 E6 A8	    sub R6, R6, #1 ; .5 secs have passed
  56 004A 00 60	    mov R0, #0 
  57 004C 10 20	    str R0, [R1, #0] ; sw_counter back to zero
  58 004E 20 B0	    movs pc, lr
  59           	
  60           	sw_addr:
  61 0050 54 00	    .word sw_counter
  62           	
  63           	stack_top_addr:
  64 0052 96 00		.word	stack_top
  65           	
  66           	    .data
  67           	sw_counter:; pTC t max = 5ms => if swC = 200, time = 1 sec
  68 0054 00 00	    .word 0x00 ; changed ONLY in ISR called whenever pTC reaches 250 (5ms)
  69           	
  70           	    .stack
  71 0056 00   	    .space  STACK_SIZE
  71 .... ..
  71 0095 00
  72           	stack_top:
  72           	
